Archive member included to satisfy reference by file (symbol)

../Hello-World-Small_bsp/\libhal_bsp.a(alt_load.o)
                              ../Hello-World-Small_bsp//obj/HAL/src/crt0.o (alt_load)
../Hello-World-Small_bsp/\libhal_bsp.a(alt_main.o)
                              ../Hello-World-Small_bsp//obj/HAL/src/crt0.o (alt_main)
../Hello-World-Small_bsp/\libhal_bsp.a(alt_putstr.o)
                              obj/default/hello_world_small.o (alt_putstr)
../Hello-World-Small_bsp/\libhal_bsp.a(alt_sys_init.o)
                              ../Hello-World-Small_bsp/\libhal_bsp.a(alt_main.o) (alt_irq_init)
../Hello-World-Small_bsp/\libhal_bsp.a(altera_avalon_jtag_uart_write.o)
                              ../Hello-World-Small_bsp/\libhal_bsp.a(alt_putstr.o) (altera_avalon_jtag_uart_write)
../Hello-World-Small_bsp/\libhal_bsp.a(alt_dcache_flush_all.o)
                              ../Hello-World-Small_bsp/\libhal_bsp.a(alt_load.o) (alt_dcache_flush_all)
../Hello-World-Small_bsp/\libhal_bsp.a(alt_icache_flush_all.o)
                              ../Hello-World-Small_bsp/\libhal_bsp.a(alt_load.o) (alt_icache_flush_all)
../Hello-World-Small_bsp/\libhal_bsp.a(altera_nios2_qsys_irq.o)
                              ../Hello-World-Small_bsp/\libhal_bsp.a(alt_sys_init.o) (altera_nios2_qsys_irq_init)
../Hello-World-Small_bsp/\libhal_bsp.a(alt_icache_flush.o)
                              ../Hello-World-Small_bsp/\libhal_bsp.a(alt_icache_flush_all.o) (alt_icache_flush)
d:/altera_lite/16.0/nios2eds/bin/gnu/h-x86_64-mingw32/bin/../lib/gcc/nios2-elf/5.2.0/../../../../../H-x86_64-mingw32/nios2-elf/lib\libsmallc.a(lib_a-strlen.o)
                              ../Hello-World-Small_bsp/\libhal_bsp.a(alt_putstr.o) (strlen)

Memory Configuration

Name             Origin             Length             Attributes
reset            0x0000000000001000 0x0000000000000020
onchip_memory2_0 0x0000000000001020 0x0000000000000fe0
*default*        0x0000000000000000 0xffffffffffffffff

Linker script and memory map

LOAD ../Hello-World-Small_bsp//obj/HAL/src/crt0.o
LOAD obj/default/hello_world_small.o
LOAD d:/altera_lite/16.0/nios2eds/bin/gnu/h-x86_64-mingw32/bin/../lib/gcc/nios2-elf/5.2.0/../../../../../H-x86_64-mingw32/nios2-elf/lib\libstdc++.a
LOAD d:/altera_lite/16.0/nios2eds/bin/gnu/h-x86_64-mingw32/bin/../lib/gcc/nios2-elf/5.2.0/../../../../../H-x86_64-mingw32/nios2-elf/lib\libm.a
LOAD d:/altera_lite/16.0/nios2eds/bin/gnu/h-x86_64-mingw32/bin/../lib/gcc/nios2-elf/5.2.0\libgcc.a
START GROUP
LOAD d:/altera_lite/16.0/nios2eds/bin/gnu/h-x86_64-mingw32/bin/../lib/gcc/nios2-elf/5.2.0/../../../../../H-x86_64-mingw32/nios2-elf/lib\libsmallc.a
LOAD d:/altera_lite/16.0/nios2eds/bin/gnu/h-x86_64-mingw32/bin/../lib/gcc/nios2-elf/5.2.0\libgcc.a
LOAD ../Hello-World-Small_bsp/\libhal_bsp.a
LOAD d:/altera_lite/16.0/nios2eds/bin/gnu/h-x86_64-mingw32/bin/../lib/gcc/nios2-elf/5.2.0/../../../../../H-x86_64-mingw32/nios2-elf/lib\libm.a
END GROUP
LOAD d:/altera_lite/16.0/nios2eds/bin/gnu/h-x86_64-mingw32/bin/../lib/gcc/nios2-elf/5.2.0\libgcc.a
                0x0000000000001000                __alt_mem_onchip_memory2_0 = 0x1000

.entry          0x0000000000001000       0x20
 *(.entry)
 .entry         0x0000000000001000       0x20 ../Hello-World-Small_bsp//obj/HAL/src/crt0.o
                0x0000000000001000                __reset
                0x000000000000101c                _exit

.exceptions     0x0000000000001020        0x0
                0x0000000000001020                PROVIDE (__ram_exceptions_start, ABSOLUTE (.))
                0x0000000000001020                . = ALIGN (0x20)
 *(.irq)
 *(.exceptions.entry.label)
 *(.exceptions.entry.user)
 *(.exceptions.entry.ecc_fatal)
 *(.exceptions.entry)
 *(.exceptions.irqtest.user)
 *(.exceptions.irqtest)
 *(.exceptions.irqhandler.user)
 *(.exceptions.irqhandler)
 *(.exceptions.irqreturn.user)
 *(.exceptions.irqreturn)
 *(.exceptions.notirq.label)
 *(.exceptions.notirq.user)
 *(.exceptions.notirq)
 *(.exceptions.soft.user)
 *(.exceptions.soft)
 *(.exceptions.unknown.user)
 *(.exceptions.unknown)
 *(.exceptions.exit.label)
 *(.exceptions.exit.user)
 *(.exceptions.exit)
 *(.exceptions)
                0x0000000000001020                PROVIDE (__ram_exceptions_end, ABSOLUTE (.))
                0x0000000000001020                PROVIDE (__flash_exceptions_start, LOADADDR (.exceptions))

.text           0x0000000000001020      0x280
                [!provide]                        PROVIDE (stext, ABSOLUTE (.))
 *(.interp)
 *(.hash)
 *(.dynsym)
 *(.dynstr)
 *(.gnu.version)
 *(.gnu.version_d)
 *(.gnu.version_r)
 *(.rel.init)
 *(.rela.init)
 *(.rel.text .rel.text.* .rel.gnu.linkonce.t.*)
 *(.rela.text .rela.text.* .rela.gnu.linkonce.t.*)
 *(.rel.fini)
 *(.rela.fini)
 *(.rel.rodata .rel.rodata.* .rel.gnu.linkonce.r.*)
 *(.rela.rodata .rela.rodata.* .rela.gnu.linkonce.r.*)
 *(.rel.data .rel.data.* .rel.gnu.linkonce.d.*)
 *(.rela.data .rela.data.* .rela.gnu.linkonce.d.*)
 *(.rel.tdata .rel.tdata.* .rel.gnu.linkonce.td.*)
 *(.rela.tdata .rela.tdata.* .rela.gnu.linkonce.td.*)
 *(.rel.tbss .rel.tbss.* .rel.gnu.linkonce.tb.*)
 *(.rela.tbss .rela.tbss.* .rela.gnu.linkonce.tb.*)
 *(.rel.ctors)
 *(.rela.ctors)
 *(.rel.dtors)
 *(.rela.dtors)
 *(.rel.got)
 *(.rela.got)
 *(.rel.sdata .rel.sdata.* .rel.gnu.linkonce.s.*)
 *(.rela.sdata .rela.sdata.* .rela.gnu.linkonce.s.*)
 *(.rel.sbss .rel.sbss.* .rel.gnu.linkonce.sb.*)
 *(.rela.sbss .rela.sbss.* .rela.gnu.linkonce.sb.*)
 *(.rel.sdata2 .rel.sdata2.* .rel.gnu.linkonce.s2.*)
 *(.rela.sdata2 .rela.sdata2.* .rela.gnu.linkonce.s2.*)
 *(.rel.sbss2 .rel.sbss2.* .rel.gnu.linkonce.sb2.*)
 *(.rela.sbss2 .rela.sbss2.* .rela.gnu.linkonce.sb2.*)
 *(.rel.bss .rel.bss.* .rel.gnu.linkonce.b.*)
 *(.rela.bss .rela.bss.* .rela.gnu.linkonce.b.*)
 *(.rel.plt)
 *(.rela.plt)
 *(.rel.dyn)
 *(.init)
 *(.plt)
 *(.text .stub .text.* .gnu.linkonce.t.*)
 .text          0x0000000000001020       0x4c ../Hello-World-Small_bsp//obj/HAL/src/crt0.o
                0x0000000000001020                _start
 .text          0x000000000000106c        0x0 obj/default/hello_world_small.o
 .text.startup  0x000000000000106c       0x18 obj/default/hello_world_small.o
                0x000000000000106c                main
 .text          0x0000000000001084       0xe0 ../Hello-World-Small_bsp/\libhal_bsp.a(alt_load.o)
                0x0000000000001084                alt_load
 .text          0x0000000000001164       0x2c ../Hello-World-Small_bsp/\libhal_bsp.a(alt_main.o)
                0x0000000000001164                alt_main
 .text          0x0000000000001190       0x38 ../Hello-World-Small_bsp/\libhal_bsp.a(alt_putstr.o)
                0x0000000000001190                alt_putstr
 .text          0x00000000000011c8       0x24 ../Hello-World-Small_bsp/\libhal_bsp.a(alt_sys_init.o)
                0x00000000000011c8                alt_irq_init
                0x00000000000011e8                alt_sys_init
 .text          0x00000000000011ec       0x34 ../Hello-World-Small_bsp/\libhal_bsp.a(altera_avalon_jtag_uart_write.o)
                0x00000000000011ec                altera_avalon_jtag_uart_write
 .text          0x0000000000001220       0x18 ../Hello-World-Small_bsp/\libhal_bsp.a(alt_dcache_flush_all.o)
                0x0000000000001220                alt_dcache_flush_all
 .text          0x0000000000001238        0xc ../Hello-World-Small_bsp/\libhal_bsp.a(alt_icache_flush_all.o)
                0x0000000000001238                alt_icache_flush_all
 .text          0x0000000000001244        0x8 ../Hello-World-Small_bsp/\libhal_bsp.a(altera_nios2_qsys_irq.o)
                0x0000000000001244                altera_nios2_qsys_irq_init
 .text          0x000000000000124c       0x38 ../Hello-World-Small_bsp/\libhal_bsp.a(alt_icache_flush.o)
                0x000000000000124c                alt_icache_flush
 .text          0x0000000000001284        0x0 d:/altera_lite/16.0/nios2eds/bin/gnu/h-x86_64-mingw32/bin/../lib/gcc/nios2-elf/5.2.0/../../../../../H-x86_64-mingw32/nios2-elf/lib\libsmallc.a(lib_a-strlen.o)
 .text.strlen   0x0000000000001284       0x1c d:/altera_lite/16.0/nios2eds/bin/gnu/h-x86_64-mingw32/bin/../lib/gcc/nios2-elf/5.2.0/../../../../../H-x86_64-mingw32/nios2-elf/lib\libsmallc.a(lib_a-strlen.o)
                0x0000000000001284                strlen
 *(.gnu.warning.*)
 *(.fini)
                [!provide]                        PROVIDE (__etext, ABSOLUTE (.))
                [!provide]                        PROVIDE (_etext, ABSOLUTE (.))
                [!provide]                        PROVIDE (etext, ABSOLUTE (.))
 *(.eh_frame_hdr)
                0x00000000000012a0                . = ALIGN (0x4)
                [!provide]                        PROVIDE (__preinit_array_start, ABSOLUTE (.))
 *(.preinit_array)
                [!provide]                        PROVIDE (__preinit_array_end, ABSOLUTE (.))
                [!provide]                        PROVIDE (__init_array_start, ABSOLUTE (.))
 *(.init_array)
                [!provide]                        PROVIDE (__init_array_end, ABSOLUTE (.))
                [!provide]                        PROVIDE (__fini_array_start, ABSOLUTE (.))
 *(.fini_array)
                [!provide]                        PROVIDE (__fini_array_end, ABSOLUTE (.))
 *(.eh_frame)
 *(.gcc_except_table .gcc_except_table.*)
 *(.dynamic)
                [!provide]                        PROVIDE (__CTOR_LIST__, ABSOLUTE (.))
 *(.ctors)
 *(SORT(.ctors.*))
                [!provide]                        PROVIDE (__CTOR_END__, ABSOLUTE (.))
                [!provide]                        PROVIDE (__DTOR_LIST__, ABSOLUTE (.))
 *(.dtors)
 *(SORT(.dtors.*))
                [!provide]                        PROVIDE (__DTOR_END__, ABSOLUTE (.))
 *(.jcr)
                0x00000000000012a0                . = ALIGN (0x4)

.rodata         0x00000000000012a0       0x18
                0x00000000000012a0                PROVIDE (__ram_rodata_start, ABSOLUTE (.))
                0x00000000000012a0                . = ALIGN (0x4)
 *(.rodata .rodata.* .gnu.linkonce.r.*)
 .rodata.str1.4
                0x00000000000012a0       0x18 obj/default/hello_world_small.o
                                         0x15 (size before relaxing)
 *(.rodata1)
                0x00000000000012b8                . = ALIGN (0x4)
                0x00000000000012b8                PROVIDE (__ram_rodata_end, ABSOLUTE (.))
                0x00000000000012a0                PROVIDE (__flash_rodata_start, LOADADDR (.rodata))

.rwdata         0x00000000000012b8        0x4 load address 0x00000000000012bc
                0x00000000000012b8                PROVIDE (__ram_rwdata_start, ABSOLUTE (.))
                0x00000000000012b8                . = ALIGN (0x4)
 *(.got.plt)
 *(.got)
 *(.data1)
 *(.data .data.* .gnu.linkonce.d.*)
 .data          0x00000000000012b8        0x0 ../Hello-World-Small_bsp//obj/HAL/src/crt0.o
 .data          0x00000000000012b8        0x0 obj/default/hello_world_small.o
 .data          0x00000000000012b8        0x0 ../Hello-World-Small_bsp/\libhal_bsp.a(alt_load.o)
 .data          0x00000000000012b8        0x0 ../Hello-World-Small_bsp/\libhal_bsp.a(alt_main.o)
 .data          0x00000000000012b8        0x0 ../Hello-World-Small_bsp/\libhal_bsp.a(alt_putstr.o)
 .data          0x00000000000012b8        0x0 ../Hello-World-Small_bsp/\libhal_bsp.a(alt_sys_init.o)
 .data          0x00000000000012b8        0x0 ../Hello-World-Small_bsp/\libhal_bsp.a(altera_avalon_jtag_uart_write.o)
 .data          0x00000000000012b8        0x0 ../Hello-World-Small_bsp/\libhal_bsp.a(alt_dcache_flush_all.o)
 .data          0x00000000000012b8        0x0 ../Hello-World-Small_bsp/\libhal_bsp.a(alt_icache_flush_all.o)
 .data          0x00000000000012b8        0x0 ../Hello-World-Small_bsp/\libhal_bsp.a(altera_nios2_qsys_irq.o)
 .data          0x00000000000012b8        0x0 ../Hello-World-Small_bsp/\libhal_bsp.a(alt_icache_flush.o)
 .data          0x00000000000012b8        0x0 d:/altera_lite/16.0/nios2eds/bin/gnu/h-x86_64-mingw32/bin/../lib/gcc/nios2-elf/5.2.0/../../../../../H-x86_64-mingw32/nios2-elf/lib\libsmallc.a(lib_a-strlen.o)
                0x00000000000092b8                _gp = ABSOLUTE ((. + 0x8000))
                [!provide]                        PROVIDE (gp, _gp)
 *(.rwdata .rwdata.*)
 *(.sdata .sdata.* .gnu.linkonce.s.*)
 .sdata         0x00000000000012b8        0x4 ../Hello-World-Small_bsp/\libhal_bsp.a(alt_sys_init.o)
                0x00000000000012b8                jtag_uart_0
 *(.sdata2 .sdata2.* .gnu.linkonce.s2.*)
                0x00000000000012bc                . = ALIGN (0x4)
                0x00000000000012bc                _edata = ABSOLUTE (.)
                [!provide]                        PROVIDE (edata, ABSOLUTE (.))
                0x00000000000012bc                PROVIDE (__ram_rwdata_end, ABSOLUTE (.))
                0x00000000000012bc                PROVIDE (__flash_rwdata_start, LOADADDR (.rwdata))

.bss            0x00000000000012c0        0xc
                0x00000000000012c0                __bss_start = ABSOLUTE (.)
                [!provide]                        PROVIDE (__sbss_start, ABSOLUTE (.))
                [!provide]                        PROVIDE (___sbss_start, ABSOLUTE (.))
 *(.dynsbss)
 *(.sbss .sbss.* .gnu.linkonce.sb.*)
 .sbss          0x00000000000012c0        0xc ../Hello-World-Small_bsp/\libhal_bsp.a(alt_main.o)
                0x00000000000012c0                alt_envp
                0x00000000000012c4                alt_argv
                0x00000000000012c8                alt_argc
 *(.sbss2 .sbss2.* .gnu.linkonce.sb2.*)
 *(.scommon)
                [!provide]                        PROVIDE (__sbss_end, ABSOLUTE (.))
                [!provide]                        PROVIDE (___sbss_end, ABSOLUTE (.))
 *(.dynbss)
 *(.bss .bss.* .gnu.linkonce.b.*)
 .bss           0x00000000000012cc        0x0 ../Hello-World-Small_bsp//obj/HAL/src/crt0.o
 .bss           0x00000000000012cc        0x0 obj/default/hello_world_small.o
 .bss           0x00000000000012cc        0x0 ../Hello-World-Small_bsp/\libhal_bsp.a(alt_load.o)
 .bss           0x00000000000012cc        0x0 ../Hello-World-Small_bsp/\libhal_bsp.a(alt_main.o)
 .bss           0x00000000000012cc        0x0 ../Hello-World-Small_bsp/\libhal_bsp.a(alt_putstr.o)
 .bss           0x00000000000012cc        0x0 ../Hello-World-Small_bsp/\libhal_bsp.a(alt_sys_init.o)
 .bss           0x00000000000012cc        0x0 ../Hello-World-Small_bsp/\libhal_bsp.a(altera_avalon_jtag_uart_write.o)
 .bss           0x00000000000012cc        0x0 ../Hello-World-Small_bsp/\libhal_bsp.a(alt_dcache_flush_all.o)
 .bss           0x00000000000012cc        0x0 ../Hello-World-Small_bsp/\libhal_bsp.a(alt_icache_flush_all.o)
 .bss           0x00000000000012cc        0x0 ../Hello-World-Small_bsp/\libhal_bsp.a(altera_nios2_qsys_irq.o)
 .bss           0x00000000000012cc        0x0 ../Hello-World-Small_bsp/\libhal_bsp.a(alt_icache_flush.o)
 .bss           0x00000000000012cc        0x0 d:/altera_lite/16.0/nios2eds/bin/gnu/h-x86_64-mingw32/bin/../lib/gcc/nios2-elf/5.2.0/../../../../../H-x86_64-mingw32/nios2-elf/lib\libsmallc.a(lib_a-strlen.o)
 *(COMMON)
                0x00000000000012cc                . = ALIGN (0x4)
                0x00000000000012cc                __bss_end = ABSOLUTE (.)

.onchip_memory2_0
                0x00000000000012cc        0x0
                [!provide]                        PROVIDE (_alt_partition_onchip_memory2_0_start, ABSOLUTE (.))
 *(.onchip_memory2_0 .onchip_memory2_0. onchip_memory2_0.*)
                0x00000000000012cc                . = ALIGN (0x4)
                [!provide]                        PROVIDE (_alt_partition_onchip_memory2_0_end, ABSOLUTE (.))
                0x00000000000012cc                _end = ABSOLUTE (.)
                0x00000000000012cc                end = ABSOLUTE (.)
                0x00000000000012cc                __alt_stack_base = ABSOLUTE (.)
                [!provide]                        PROVIDE (_alt_partition_onchip_memory2_0_load_addr, LOADADDR (.onchip_memory2_0))

.stab
 *(.stab)

.stabstr
 *(.stabstr)

.stab.excl
 *(.stab.excl)

.stab.exclstr
 *(.stab.exclstr)

.stab.index
 *(.stab.index)

.stab.indexstr
 *(.stab.indexstr)

.comment        0x0000000000000000       0x23
 *(.comment)
 .comment       0x0000000000000000       0x23 obj/default/hello_world_small.o
                                         0x24 (size before relaxing)
 .comment       0x0000000000000023       0x24 ../Hello-World-Small_bsp/\libhal_bsp.a(alt_load.o)
 .comment       0x0000000000000023       0x24 ../Hello-World-Small_bsp/\libhal_bsp.a(alt_main.o)
 .comment       0x0000000000000023       0x24 ../Hello-World-Small_bsp/\libhal_bsp.a(alt_putstr.o)
 .comment       0x0000000000000023       0x24 ../Hello-World-Small_bsp/\libhal_bsp.a(alt_sys_init.o)
 .comment       0x0000000000000023       0x24 ../Hello-World-Small_bsp/\libhal_bsp.a(altera_avalon_jtag_uart_write.o)
 .comment       0x0000000000000023       0x24 ../Hello-World-Small_bsp/\libhal_bsp.a(alt_dcache_flush_all.o)
 .comment       0x0000000000000023       0x24 ../Hello-World-Small_bsp/\libhal_bsp.a(alt_icache_flush_all.o)
 .comment       0x0000000000000023       0x24 ../Hello-World-Small_bsp/\libhal_bsp.a(altera_nios2_qsys_irq.o)
 .comment       0x0000000000000023       0x24 ../Hello-World-Small_bsp/\libhal_bsp.a(alt_icache_flush.o)
 .comment       0x0000000000000023       0x24 d:/altera_lite/16.0/nios2eds/bin/gnu/h-x86_64-mingw32/bin/../lib/gcc/nios2-elf/5.2.0/../../../../../H-x86_64-mingw32/nios2-elf/lib\libsmallc.a(lib_a-strlen.o)

.debug
 *(.debug)

.line
 *(.line)

.debug_srcinfo
 *(.debug_srcinfo)

.debug_sfnames
 *(.debug_sfnames)

.debug_aranges  0x0000000000000000      0x188
 *(.debug_aranges)
 .debug_aranges
                0x0000000000000000       0x28 ../Hello-World-Small_bsp//obj/HAL/src/crt0.o
 .debug_aranges
                0x0000000000000028       0x20 obj/default/hello_world_small.o
 .debug_aranges
                0x0000000000000048       0x20 ../Hello-World-Small_bsp/\libhal_bsp.a(alt_load.o)
 .debug_aranges
                0x0000000000000068       0x20 ../Hello-World-Small_bsp/\libhal_bsp.a(alt_main.o)
 .debug_aranges
                0x0000000000000088       0x20 ../Hello-World-Small_bsp/\libhal_bsp.a(alt_putstr.o)
 .debug_aranges
                0x00000000000000a8       0x20 ../Hello-World-Small_bsp/\libhal_bsp.a(alt_sys_init.o)
 .debug_aranges
                0x00000000000000c8       0x20 ../Hello-World-Small_bsp/\libhal_bsp.a(altera_avalon_jtag_uart_write.o)
 .debug_aranges
                0x00000000000000e8       0x20 ../Hello-World-Small_bsp/\libhal_bsp.a(alt_dcache_flush_all.o)
 .debug_aranges
                0x0000000000000108       0x20 ../Hello-World-Small_bsp/\libhal_bsp.a(alt_icache_flush_all.o)
 .debug_aranges
                0x0000000000000128       0x20 ../Hello-World-Small_bsp/\libhal_bsp.a(altera_nios2_qsys_irq.o)
 .debug_aranges
                0x0000000000000148       0x20 ../Hello-World-Small_bsp/\libhal_bsp.a(alt_icache_flush.o)
 .debug_aranges
                0x0000000000000168       0x20 d:/altera_lite/16.0/nios2eds/bin/gnu/h-x86_64-mingw32/bin/../lib/gcc/nios2-elf/5.2.0/../../../../../H-x86_64-mingw32/nios2-elf/lib\libsmallc.a(lib_a-strlen.o)

.debug_pubnames
 *(.debug_pubnames)

.debug_info     0x0000000000000000      0xc0f
 *(.debug_info .gnu.linkonce.wi.*)
 .debug_info    0x0000000000000000       0x8b ../Hello-World-Small_bsp//obj/HAL/src/crt0.o
 .debug_info    0x000000000000008b       0x65 obj/default/hello_world_small.o
 .debug_info    0x00000000000000f0      0x1c9 ../Hello-World-Small_bsp/\libhal_bsp.a(alt_load.o)
 .debug_info    0x00000000000002b9      0x169 ../Hello-World-Small_bsp/\libhal_bsp.a(alt_main.o)
 .debug_info    0x0000000000000422      0x13a ../Hello-World-Small_bsp/\libhal_bsp.a(alt_putstr.o)
 .debug_info    0x000000000000055c      0x185 ../Hello-World-Small_bsp/\libhal_bsp.a(alt_sys_init.o)
 .debug_info    0x00000000000006e1      0x197 ../Hello-World-Small_bsp/\libhal_bsp.a(altera_avalon_jtag_uart_write.o)
 .debug_info    0x0000000000000878       0xa6 ../Hello-World-Small_bsp/\libhal_bsp.a(alt_dcache_flush_all.o)
 .debug_info    0x000000000000091e       0xb8 ../Hello-World-Small_bsp/\libhal_bsp.a(alt_icache_flush_all.o)
 .debug_info    0x00000000000009d6       0x92 ../Hello-World-Small_bsp/\libhal_bsp.a(altera_nios2_qsys_irq.o)
 .debug_info    0x0000000000000a68       0xde ../Hello-World-Small_bsp/\libhal_bsp.a(alt_icache_flush.o)
 .debug_info    0x0000000000000b46       0xc9 d:/altera_lite/16.0/nios2eds/bin/gnu/h-x86_64-mingw32/bin/../lib/gcc/nios2-elf/5.2.0/../../../../../H-x86_64-mingw32/nios2-elf/lib\libsmallc.a(lib_a-strlen.o)

.debug_abbrev   0x0000000000000000      0x710
 *(.debug_abbrev)
 .debug_abbrev  0x0000000000000000       0x12 ../Hello-World-Small_bsp//obj/HAL/src/crt0.o
 .debug_abbrev  0x0000000000000012       0x64 obj/default/hello_world_small.o
 .debug_abbrev  0x0000000000000076       0xd8 ../Hello-World-Small_bsp/\libhal_bsp.a(alt_load.o)
 .debug_abbrev  0x000000000000014e       0xee ../Hello-World-Small_bsp/\libhal_bsp.a(alt_main.o)
 .debug_abbrev  0x000000000000023c       0xd3 ../Hello-World-Small_bsp/\libhal_bsp.a(alt_putstr.o)
 .debug_abbrev  0x000000000000030f      0x107 ../Hello-World-Small_bsp/\libhal_bsp.a(alt_sys_init.o)
 .debug_abbrev  0x0000000000000416       0xd5 ../Hello-World-Small_bsp/\libhal_bsp.a(altera_avalon_jtag_uart_write.o)
 .debug_abbrev  0x00000000000004eb       0x5a ../Hello-World-Small_bsp/\libhal_bsp.a(alt_dcache_flush_all.o)
 .debug_abbrev  0x0000000000000545       0x6f ../Hello-World-Small_bsp/\libhal_bsp.a(alt_icache_flush_all.o)
 .debug_abbrev  0x00000000000005b4       0x42 ../Hello-World-Small_bsp/\libhal_bsp.a(altera_nios2_qsys_irq.o)
 .debug_abbrev  0x00000000000005f6       0x9b ../Hello-World-Small_bsp/\libhal_bsp.a(alt_icache_flush.o)
 .debug_abbrev  0x0000000000000691       0x7f d:/altera_lite/16.0/nios2eds/bin/gnu/h-x86_64-mingw32/bin/../lib/gcc/nios2-elf/5.2.0/../../../../../H-x86_64-mingw32/nios2-elf/lib\libsmallc.a(lib_a-strlen.o)

.debug_line     0x0000000000000000      0x7ce
 *(.debug_line)
 .debug_line    0x0000000000000000       0x72 ../Hello-World-Small_bsp//obj/HAL/src/crt0.o
 .debug_line    0x0000000000000072       0x7e obj/default/hello_world_small.o
 .debug_line    0x00000000000000f0       0xa5 ../Hello-World-Small_bsp/\libhal_bsp.a(alt_load.o)
 .debug_line    0x0000000000000195       0xbd ../Hello-World-Small_bsp/\libhal_bsp.a(alt_main.o)
 .debug_line    0x0000000000000252       0x9d ../Hello-World-Small_bsp/\libhal_bsp.a(alt_putstr.o)
 .debug_line    0x00000000000002ef      0x101 ../Hello-World-Small_bsp/\libhal_bsp.a(alt_sys_init.o)
 .debug_line    0x00000000000003f0       0xf0 ../Hello-World-Small_bsp/\libhal_bsp.a(altera_avalon_jtag_uart_write.o)
 .debug_line    0x00000000000004e0       0x5a ../Hello-World-Small_bsp/\libhal_bsp.a(alt_dcache_flush_all.o)
 .debug_line    0x000000000000053a       0x6e ../Hello-World-Small_bsp/\libhal_bsp.a(alt_icache_flush_all.o)
 .debug_line    0x00000000000005a8       0x50 ../Hello-World-Small_bsp/\libhal_bsp.a(altera_nios2_qsys_irq.o)
 .debug_line    0x00000000000005f8       0x7d ../Hello-World-Small_bsp/\libhal_bsp.a(alt_icache_flush.o)
 .debug_line    0x0000000000000675      0x159 d:/altera_lite/16.0/nios2eds/bin/gnu/h-x86_64-mingw32/bin/../lib/gcc/nios2-elf/5.2.0/../../../../../H-x86_64-mingw32/nios2-elf/lib\libsmallc.a(lib_a-strlen.o)

.debug_frame    0x0000000000000000      0x1b0
 *(.debug_frame)
 .debug_frame   0x0000000000000000       0x28 obj/default/hello_world_small.o
 .debug_frame   0x0000000000000028       0x30 ../Hello-World-Small_bsp/\libhal_bsp.a(alt_load.o)
 .debug_frame   0x0000000000000058       0x2c ../Hello-World-Small_bsp/\libhal_bsp.a(alt_main.o)
 .debug_frame   0x0000000000000084       0x30 ../Hello-World-Small_bsp/\libhal_bsp.a(alt_putstr.o)
 .debug_frame   0x00000000000000b4       0x3c ../Hello-World-Small_bsp/\libhal_bsp.a(alt_sys_init.o)
 .debug_frame   0x00000000000000f0       0x20 ../Hello-World-Small_bsp/\libhal_bsp.a(altera_avalon_jtag_uart_write.o)
 .debug_frame   0x0000000000000110       0x20 ../Hello-World-Small_bsp/\libhal_bsp.a(alt_dcache_flush_all.o)
 .debug_frame   0x0000000000000130       0x20 ../Hello-World-Small_bsp/\libhal_bsp.a(alt_icache_flush_all.o)
 .debug_frame   0x0000000000000150       0x20 ../Hello-World-Small_bsp/\libhal_bsp.a(altera_nios2_qsys_irq.o)
 .debug_frame   0x0000000000000170       0x20 ../Hello-World-Small_bsp/\libhal_bsp.a(alt_icache_flush.o)
 .debug_frame   0x0000000000000190       0x20 d:/altera_lite/16.0/nios2eds/bin/gnu/h-x86_64-mingw32/bin/../lib/gcc/nios2-elf/5.2.0/../../../../../H-x86_64-mingw32/nios2-elf/lib\libsmallc.a(lib_a-strlen.o)

.debug_str      0x0000000000000000      0x629
 *(.debug_str)
 .debug_str     0x0000000000000000       0xa9 obj/default/hello_world_small.o
                                         0xae (size before relaxing)
 .debug_str     0x00000000000000a9      0x21c ../Hello-World-Small_bsp/\libhal_bsp.a(alt_load.o)
                                        0x255 (size before relaxing)
 .debug_str     0x00000000000002c5       0x8f ../Hello-World-Small_bsp/\libhal_bsp.a(alt_main.o)
                                        0x1ce (size before relaxing)
 .debug_str     0x0000000000000354       0x66 ../Hello-World-Small_bsp/\libhal_bsp.a(alt_putstr.o)
                                        0x1ab (size before relaxing)
 .debug_str     0x00000000000003ba       0x86 ../Hello-World-Small_bsp/\libhal_bsp.a(alt_sys_init.o)
                                        0x23f (size before relaxing)
 .debug_str     0x0000000000000440       0x3f ../Hello-World-Small_bsp/\libhal_bsp.a(altera_avalon_jtag_uart_write.o)
                                        0x22e (size before relaxing)
 .debug_str     0x000000000000047f       0x1f ../Hello-World-Small_bsp/\libhal_bsp.a(alt_dcache_flush_all.o)
                                        0x16e (size before relaxing)
 .debug_str     0x000000000000049e       0x30 ../Hello-World-Small_bsp/\libhal_bsp.a(alt_icache_flush_all.o)
                                        0x17f (size before relaxing)
 .debug_str     0x00000000000004ce       0x20 ../Hello-World-Small_bsp/\libhal_bsp.a(altera_nios2_qsys_irq.o)
                                        0x175 (size before relaxing)
 .debug_str     0x00000000000004ee       0x1b ../Hello-World-Small_bsp/\libhal_bsp.a(alt_icache_flush.o)
                                        0x174 (size before relaxing)
 .debug_str     0x0000000000000509      0x120 d:/altera_lite/16.0/nios2eds/bin/gnu/h-x86_64-mingw32/bin/../lib/gcc/nios2-elf/5.2.0/../../../../../H-x86_64-mingw32/nios2-elf/lib\libsmallc.a(lib_a-strlen.o)
                                        0x1cb (size before relaxing)

.debug_loc      0x0000000000000000      0x172
 *(.debug_loc)
 .debug_loc     0x0000000000000000       0x37 ../Hello-World-Small_bsp/\libhal_bsp.a(alt_putstr.o)
 .debug_loc     0x0000000000000037       0x21 ../Hello-World-Small_bsp/\libhal_bsp.a(alt_sys_init.o)
 .debug_loc     0x0000000000000058       0x8b ../Hello-World-Small_bsp/\libhal_bsp.a(altera_avalon_jtag_uart_write.o)
 .debug_loc     0x00000000000000e3       0x1f ../Hello-World-Small_bsp/\libhal_bsp.a(alt_dcache_flush_all.o)
 .debug_loc     0x0000000000000102       0x52 ../Hello-World-Small_bsp/\libhal_bsp.a(alt_icache_flush.o)
 .debug_loc     0x0000000000000154       0x1e d:/altera_lite/16.0/nios2eds/bin/gnu/h-x86_64-mingw32/bin/../lib/gcc/nios2-elf/5.2.0/../../../../../H-x86_64-mingw32/nios2-elf/lib\libsmallc.a(lib_a-strlen.o)

.debug_macinfo
 *(.debug_macinfo)

.debug_weaknames
 *(.debug_weaknames)

.debug_funcnames
 *(.debug_funcnames)

.debug_typenames
 *(.debug_typenames)

.debug_varnames
 *(.debug_varnames)

.debug_alt_sim_info
                0x0000000000000000       0x30
 *(.debug_alt_sim_info)
 .debug_alt_sim_info
                0x0000000000000000       0x30 ../Hello-World-Small_bsp//obj/HAL/src/crt0.o
                0x0000000000002000                __alt_data_end = 0x2000
                0x0000000000002000                PROVIDE (__alt_stack_pointer, __alt_data_end)
                [!provide]                        PROVIDE (__alt_stack_limit, __alt_stack_base)
                [!provide]                        PROVIDE (__alt_heap_start, end)
                [!provide]                        PROVIDE (__alt_heap_limit, 0x2000)
OUTPUT(Hello-World-Small.elf elf32-littlenios2)

.debug_ranges   0x0000000000000000       0x98
 .debug_ranges  0x0000000000000000       0x20 ../Hello-World-Small_bsp//obj/HAL/src/crt0.o
 .debug_ranges  0x0000000000000020       0x10 obj/default/hello_world_small.o
 .debug_ranges  0x0000000000000030       0x48 ../Hello-World-Small_bsp/\libhal_bsp.a(alt_load.o)
 .debug_ranges  0x0000000000000078       0x10 ../Hello-World-Small_bsp/\libhal_bsp.a(alt_icache_flush.o)
 .debug_ranges  0x0000000000000088       0x10 d:/altera_lite/16.0/nios2eds/bin/gnu/h-x86_64-mingw32/bin/../lib/gcc/nios2-elf/5.2.0/../../../../../H-x86_64-mingw32/nios2-elf/lib\libsmallc.a(lib_a-strlen.o)
